time="2026-08-30T13:51:19-03:00" level=warning msg="Docker Compose is configured to build using Bake, but buildx isn't installed"
#0 building with "default" instance using docker driver

#1 [airflow internal] load build definition from Dockerfile
#1 transferring dockerfile: 156B 0.0s done
#1 DONE 0.1s

#2 [airflow internal] load metadata for docker.io/apache/airflow:3.0.6
#2 DONE 0.1s

#3 [airflow internal] load .dockerignore
#3 transferring context: 2B done
#3 DONE 0.0s

#4 [airflow internal] load build context
#4 DONE 0.0s

#5 [airflow 1/3] FROM docker.io/apache/airflow:3.0.6@sha256:235a362ae98882d21c9f6bfa0b9cdd5da8f36c94b5d58c397cf7a9674509be35
#5 resolve docker.io/apache/airflow:3.0.6@sha256:235a362ae98882d21c9f6bfa0b9cdd5da8f36c94b5d58c397cf7a9674509be35 0.1s done
#5 DONE 0.1s

#4 [airflow internal] load build context
#4 transferring context: 38B done
#4 DONE 0.0s

#6 [airflow 2/3] COPY requirements.txt /requirements.txt
#6 CACHED

#7 [airflow 3/3] RUN pip install --no-cache-dir -r /requirements.txt
#7 4.705 Collecting google-analytics-data>=0.18.3 (from -r /requirements.txt (line 2))
#7 5.004   Downloading google_analytics_data-0.23.0-py3-none-any.whl.metadata (9.9 kB)
#7 5.021 Requirement already satisfied: apache-airflow-providers-postgres>=5.10.0 in /home/airflow/.local/lib/python3.12/site-packages (from -r /requirements.txt (line 5)) (6.2.3)
#7 5.023 Requirement already satisfied: pandas>=2.1.0 in /home/airflow/.local/lib/python3.12/site-packages (from -r /requirements.txt (line 8)) (2.1.4)
#7 5.417 Collecting pyarrow==21.0.0 (from -r /requirements.txt (line 9))
#7 5.498   Downloading pyarrow-21.0.0-cp312-cp312-manylinux_2_28_x86_64.whl.metadata (3.3 kB)
#7 5.508 Requirement already satisfied: psycopg2-binary>=2.9.9 in /home/airflow/.local/lib/python3.12/site-packages (from -r /requirements.txt (line 12)) (2.9.10)
#7 6.722 Collecting SQLAlchemy>=2.0.25 (from -r /requirements.txt (line 13))
#7 6.790   Downloading sqlalchemy-2.0.52-cp312-cp312-manylinux2014_x86_64.manylinux_2_17_x86_64.manylinux_2_28_x86_64.whl.metadata (9.6 kB)
#7 7.178 Collecting dbt-core>=1.7.0 (from -r /requirements.txt (line 16))
#7 7.244   Downloading dbt_core-1.12.3-py3-none-any.whl.metadata (4.6 kB)
#7 7.592 Collecting dbt-postgres>=1.7.0 (from -r /requirements.txt (line 17))
#7 7.657   Downloading dbt_postgres-1.11.0-py3-none-any.whl.metadata (3.9 kB)
#7 7.676 Requirement already satisfied: google-api-core<3.0.0,>=2.17.1 in /home/airflow/.local/lib/python3.12/site-packages (from google-api-core[grpc]<3.0.0,>=2.17.1->google-analytics-data>=0.18.3->-r /requirements.txt (line 2)) (2.25.1)
#7 7.681 Requirement already satisfied: google-auth!=2.24.0,!=2.25.0,<3.0.0,>=2.14.1 in /home/airflow/.local/lib/python3.12/site-packages (from google-analytics-data>=0.18.3->-r /requirements.txt (line 2)) (2.40.3)
#7 7.683 Requirement already satisfied: grpcio<2.0.0,>=1.59.0 in /home/airflow/.local/lib/python3.12/site-packages (from google-analytics-data>=0.18.3->-r /requirements.txt (line 2)) (1.65.5)
#7 7.685 Requirement already satisfied: proto-plus<2.0.0,>=1.22.3 in /home/airflow/.local/lib/python3.12/site-packages (from google-analytics-data>=0.18.3->-r /requirements.txt (line 2)) (1.26.1)
#7 7.688 Requirement already satisfied: protobuf<8.0.0,>=4.25.8 in /home/airflow/.local/lib/python3.12/site-packages (from google-analytics-data>=0.18.3->-r /requirements.txt (line 2)) (4.25.8)
#7 7.694 Requirement already satisfied: googleapis-common-protos<2.0.0,>=1.56.2 in /home/airflow/.local/lib/python3.12/site-packages (from google-api-core<3.0.0,>=2.17.1->google-api-core[grpc]<3.0.0,>=2.17.1->google-analytics-data>=0.18.3->-r /requirements.txt (line 2)) (1.70.0)
#7 7.702 Requirement already satisfied: requests<3.0.0,>=2.18.0 in /home/airflow/.local/lib/python3.12/site-packages (from google-api-core<3.0.0,>=2.17.1->google-api-core[grpc]<3.0.0,>=2.17.1->google-analytics-data>=0.18.3->-r /requirements.txt (line 2)) (2.32.5)
#7 7.721 Requirement already satisfied: grpcio-status<2.0.0,>=1.33.2 in /home/airflow/.local/lib/python3.12/site-packages (from google-api-core[grpc]<3.0.0,>=2.17.1->google-analytics-data>=0.18.3->-r /requirements.txt (line 2)) (1.62.3)
#7 7.728 Requirement already satisfied: cachetools<6.0,>=2.0.0 in /home/airflow/.local/lib/python3.12/site-packages (from google-auth!=2.24.0,!=2.25.0,<3.0.0,>=2.14.1->google-analytics-data>=0.18.3->-r /requirements.txt (line 2)) (5.5.2)
#7 7.734 Requirement already satisfied: pyasn1-modules>=0.2.1 in /home/airflow/.local/lib/python3.12/site-packages (from google-auth!=2.24.0,!=2.25.0,<3.0.0,>=2.14.1->google-analytics-data>=0.18.3->-r /requirements.txt (line 2)) (0.4.1)
#7 7.739 Requirement already satisfied: rsa<5,>=3.1.4 in /home/airflow/.local/lib/python3.12/site-packages (from google-auth!=2.24.0,!=2.25.0,<3.0.0,>=2.14.1->google-analytics-data>=0.18.3->-r /requirements.txt (line 2)) (4.9.1)
#7 7.813 Requirement already satisfied: charset_normalizer<4,>=2 in /home/airflow/.local/lib/python3.12/site-packages (from requests<3.0.0,>=2.18.0->google-api-core<3.0.0,>=2.17.1->google-api-core[grpc]<3.0.0,>=2.17.1->google-analytics-data>=0.18.3->-r /requirements.txt (line 2)) (3.4.3)
#7 7.821 Requirement already satisfied: idna<4,>=2.5 in /home/airflow/.local/lib/python3.12/site-packages (from requests<3.0.0,>=2.18.0->google-api-core<3.0.0,>=2.17.1->google-api-core[grpc]<3.0.0,>=2.17.1->google-analytics-data>=0.18.3->-r /requirements.txt (line 2)) (3.10)
#7 7.826 Requirement already satisfied: urllib3<3,>=1.21.1 in /home/airflow/.local/lib/python3.12/site-packages (from requests<3.0.0,>=2.18.0->google-api-core<3.0.0,>=2.17.1->google-api-core[grpc]<3.0.0,>=2.17.1->google-analytics-data>=0.18.3->-r /requirements.txt (line 2)) (2.5.0)
#7 7.829 Requirement already satisfied: certifi>=2017.4.17 in /home/airflow/.local/lib/python3.12/site-packages (from requests<3.0.0,>=2.18.0->google-api-core<3.0.0,>=2.17.1->google-api-core[grpc]<3.0.0,>=2.17.1->google-analytics-data>=0.18.3->-r /requirements.txt (line 2)) (2025.8.3)
#7 7.872 Requirement already satisfied: pyasn1>=0.1.3 in /home/airflow/.local/lib/python3.12/site-packages (from rsa<5,>=3.1.4->google-auth!=2.24.0,!=2.25.0,<3.0.0,>=2.14.1->google-analytics-data>=0.18.3->-r /requirements.txt (line 2)) (0.6.1)
#7 7.885 Requirement already satisfied: apache-airflow>=2.10.0 in /home/airflow/.local/lib/python3.12/site-packages (from apache-airflow-providers-postgres>=5.10.0->-r /requirements.txt (line 5)) (3.0.6)
#7 7.887 Requirement already satisfied: apache-airflow-providers-common-sql>=1.23.0 in /home/airflow/.local/lib/python3.12/site-packages (from apache-airflow-providers-postgres>=5.10.0->-r /requirements.txt (line 5)) (1.27.5)
#7 7.903 Requirement already satisfied: asyncpg>=0.30.0 in /home/airflow/.local/lib/python3.12/site-packages (from apache-airflow-providers-postgres>=5.10.0->-r /requirements.txt (line 5)) (0.30.0)
#7 7.941 Requirement already satisfied: numpy<2,>=1.26.0 in /home/airflow/.local/lib/python3.12/site-packages (from pandas>=2.1.0->-r /requirements.txt (line 8)) (1.26.4)
#7 7.944 Requirement already satisfied: python-dateutil>=2.8.2 in /home/airflow/.local/lib/python3.12/site-packages (from pandas>=2.1.0->-r /requirements.txt (line 8)) (2.9.0.post0)
#7 7.948 Requirement already satisfied: pytz>=2020.1 in /home/airflow/.local/lib/python3.12/site-packages (from pandas>=2.1.0->-r /requirements.txt (line 8)) (2025.2)
#7 7.952 Requirement already satisfied: tzdata>=2022.1 in /home/airflow/.local/lib/python3.12/site-packages (from pandas>=2.1.0->-r /requirements.txt (line 8)) (2025.2)
#7 8.076 Requirement already satisfied: greenlet>=1 in /home/airflow/.local/lib/python3.12/site-packages (from SQLAlchemy>=2.0.25->-r /requirements.txt (line 13)) (3.2.4)
#7 8.081 Requirement already satisfied: typing-extensions>=4.6.0 in /home/airflow/.local/lib/python3.12/site-packages (from SQLAlchemy>=2.0.25->-r /requirements.txt (line 13)) (4.14.1)
#7 8.214 Collecting agate<1.15,>=1.7.0 (from dbt-core>=1.7.0->-r /requirements.txt (line 16))
#7 8.281   Downloading agate-1.14.2-py3-none-any.whl.metadata (3.1 kB)
#7 8.468 Collecting click<9.0,>=8.3.0 (from dbt-core>=1.7.0->-r /requirements.txt (line 16))
#7 8.537   Downloading click-8.5.0-py3-none-any.whl.metadata (2.6 kB)
#7 8.673 Collecting daff>=1.3.46 (from dbt-core>=1.7.0->-r /requirements.txt (line 16))
#7 8.748   Downloading daff-1.4.2-py3-none-any.whl.metadata (10 kB)
#7 9.023 Collecting dbt-adapters<2.0,>=1.24.5 (from dbt-core>=1.7.0->-r /requirements.txt (line 16))
#7 9.102   Downloading dbt_adapters-1.24.5-py3-none-any.whl.metadata (4.6 kB)
#7 9.316 Collecting dbt-common<2.0,>=1.37.5 (from dbt-core>=1.7.0->-r /requirements.txt (line 16))
#7 9.395   Downloading dbt_common-1.39.0-py3-none-any.whl.metadata (5.1 kB)
#7 9.553 Collecting dbt-core-experimental-parser<3,>=2.0.0b1 (from dbt-core>=1.7.0->-r /requirements.txt (line 16))
#7 9.623   Downloading dbt_core_experimental_parser-2.0.0b2.tar.gz (4.5 kB)
#7 9.664   Installing build dependencies: started
#7 15.98   Installing build dependencies: finished with status 'done'
#7 15.98   Getting requirements to build wheel: started
#7 16.94   Getting requirements to build wheel: finished with status 'done'
#7 16.95   Preparing metadata (pyproject.toml): started
#7 28.83   Preparing metadata (pyproject.toml): finished with status 'done'
#7 28.94 Collecting dbt-extractor<=0.6,>=0.5.0 (from dbt-core>=1.7.0->-r /requirements.txt (line 16))
#7 29.01   Downloading dbt_extractor-0.6.0-cp39-abi3-manylinux_2_17_x86_64.manylinux2014_x86_64.whl.metadata (4.6 kB)
#7 29.10 Collecting dbt-protos<2.0,>=1.0.514 (from dbt-core>=1.7.0->-r /requirements.txt (line 16))
#7 29.16   Downloading dbt_protos-1.0.565-py3-none-any.whl.metadata (859 bytes)
#7 29.17 Requirement already satisfied: jinja2<4,>=3.1.3 in /home/airflow/.local/lib/python3.12/site-packages (from dbt-core>=1.7.0->-r /requirements.txt (line 16)) (3.1.6)
#7 29.17 Requirement already satisfied: jsonschema<5.0,>=4.19.1 in /home/airflow/.local/lib/python3.12/site-packages (from dbt-core>=1.7.0->-r /requirements.txt (line 16)) (4.25.1)
#7 29.27 Collecting mashumaro<3.18,>=3.9 (from mashumaro[msgpack]<3.18,>=3.9->dbt-core>=1.7.0->-r /requirements.txt (line 16))
#7 29.34   Downloading mashumaro-3.17-py3-none-any.whl.metadata (118 kB)
#7 29.58 Collecting metricflow<1.0,>=0.211.0 (from dbt-core>=1.7.0->-r /requirements.txt (line 16))
#7 29.65   Downloading metricflow-0.212.0-py3-none-any.whl.metadata (21 kB)
#7 29.88 Collecting networkx<4.0,>=2.3 (from dbt-core>=1.7.0->-r /requirements.txt (line 16))
#7 29.96   Downloading networkx-3.6.1-py3-none-any.whl.metadata (6.8 kB)
#7 29.97 Requirement already satisfied: opentelemetry-api<2.0,>=1.26 in /home/airflow/.local/lib/python3.12/site-packages (from dbt-core>=1.7.0->-r /requirements.txt (line 16)) (1.27.0)
#7 29.98 Requirement already satisfied: packaging>20.9 in /home/airflow/.local/lib/python3.12/site-packages (from dbt-core>=1.7.0->-r /requirements.txt (line 16)) (25.0)
#7 29.98 Requirement already satisfied: pathspec<1.1,>=0.9 in /home/airflow/.local/lib/python3.12/site-packages (from dbt-core>=1.7.0->-r /requirements.txt (line 16)) (0.12.1)
#7 30.73 Collecting protobuf<8.0.0,>=4.25.8 (from google-analytics-data>=0.18.3->-r /requirements.txt (line 2))
#7 30.79   Downloading protobuf-6.33.6-cp39-abi3-manylinux2014_x86_64.whl.metadata (593 bytes)
#7 30.79 Requirement already satisfied: pydantic<3 in /home/airflow/.local/lib/python3.12/site-packages (from dbt-core>=1.7.0->-r /requirements.txt (line 16)) (2.11.7)
#7 30.87 Collecting python-dotenv>=1.2 (from dbt-core>=1.7.0->-r /requirements.txt (line 16))
#7 30.93   Downloading python_dotenv-1.2.3-py3-none-any.whl.metadata (29 kB)
#7 30.94 Requirement already satisfied: pyyaml>=6.0 in /home/airflow/.local/lib/python3.12/site-packages (from dbt-core>=1.7.0->-r /requirements.txt (line 16)) (6.0.2)
#7 31.02 Collecting snowplow-tracker<2.0,>=1.0.2 (from dbt-core>=1.7.0->-r /requirements.txt (line 16))
#7 31.08   Downloading snowplow_tracker-1.1.0-py3-none-any.whl.metadata (5.7 kB)
#7 31.18 Collecting sqlparse<0.7.0,>=0.5.5 (from dbt-core>=1.7.0->-r /requirements.txt (line 16))
#7 31.24   Downloading sqlparse-0.6.0-py3-none-any.whl.metadata (6.0 kB)
#7 31.26 Requirement already satisfied: Babel>=2.0 in /home/airflow/.local/lib/python3.12/site-packages (from agate<1.15,>=1.7.0->dbt-core>=1.7.0->-r /requirements.txt (line 16)) (2.17.0)
#7 31.26 Requirement already satisfied: isodate>=0.5.4 in /home/airflow/.local/lib/python3.12/site-packages (from agate<1.15,>=1.7.0->dbt-core>=1.7.0->-r /requirements.txt (line 16)) (0.7.2)
#7 31.33 Collecting leather>=0.3.2 (from agate<1.15,>=1.7.0->dbt-core>=1.7.0->-r /requirements.txt (line 16))
#7 31.40   Downloading leather-0.4.1-py3-none-any.whl.metadata (3.0 kB)
#7 31.47 Collecting parsedatetime!=2.5,>=2.1 (from agate<1.15,>=1.7.0->dbt-core>=1.7.0->-r /requirements.txt (line 16))
#7 31.54   Downloading parsedatetime-2.6-py3-none-any.whl.metadata (4.7 kB)
#7 31.55 Requirement already satisfied: python-slugify>=1.2.1 in /home/airflow/.local/lib/python3.12/site-packages (from agate<1.15,>=1.7.0->dbt-core>=1.7.0->-r /requirements.txt (line 16)) (8.0.4)
#7 31.62 Collecting pytimeparse>=1.1.5 (from agate<1.15,>=1.7.0->dbt-core>=1.7.0->-r /requirements.txt (line 16))
#7 31.68   Downloading pytimeparse-1.1.8-py2.py3-none-any.whl.metadata (3.4 kB)
#7 31.74 Collecting agate<1.15,>=1.7.0 (from dbt-core>=1.7.0->-r /requirements.txt (line 16))
#7 31.81   Downloading agate-1.9.1-py2.py3-none-any.whl.metadata (3.2 kB)
#7 31.81 Requirement already satisfied: colorama<0.5,>=0.3.9 in /home/airflow/.local/lib/python3.12/site-packages (from dbt-common<2.0,>=1.37.5->dbt-core>=1.7.0->-r /requirements.txt (line 16)) (0.4.6)
#7 31.92 Collecting deepdiff<9.0,>=7.0 (from dbt-common<2.0,>=1.37.5->dbt-core>=1.7.0->-r /requirements.txt (line 16))
#7 31.99   Downloading deepdiff-8.6.2-py3-none-any.whl.metadata (8.8 kB)
#7 32.26 Collecting orderly-set<6,>=5.4.1 (from deepdiff<9.0,>=7.0->dbt-common<2.0,>=1.37.5->dbt-core>=1.7.0->-r /requirements.txt (line 16))
#7 32.32   Downloading orderly_set-5.5.0-py3-none-any.whl.metadata (6.6 kB)
#7 32.34 Requirement already satisfied: MarkupSafe>=2.0 in /home/airflow/.local/lib/python3.12/site-packages (from jinja2<4,>=3.1.3->dbt-core>=1.7.0->-r /requirements.txt (line 16)) (3.0.2)
#7 32.35 Requirement already satisfied: attrs>=22.2.0 in /home/airflow/.local/lib/python3.12/site-packages (from jsonschema<5.0,>=4.19.1->dbt-core>=1.7.0->-r /requirements.txt (line 16)) (25.3.0)
#7 32.35 Requirement already satisfied: jsonschema-specifications>=2023.03.6 in /home/airflow/.local/lib/python3.12/site-packages (from jsonschema<5.0,>=4.19.1->dbt-core>=1.7.0->-r /requirements.txt (line 16)) (2025.4.1)
#7 32.35 Requirement already satisfied: referencing>=0.28.4 in /home/airflow/.local/lib/python3.12/site-packages (from jsonschema<5.0,>=4.19.1->dbt-core>=1.7.0->-r /requirements.txt (line 16)) (0.36.2)
#7 32.35 Requirement already satisfied: rpds-py>=0.7.1 in /home/airflow/.local/lib/python3.12/site-packages (from jsonschema<5.0,>=4.19.1->dbt-core>=1.7.0->-r /requirements.txt (line 16)) (0.27.0)
#7 32.37 Requirement already satisfied: msgpack>=0.5.6 in /home/airflow/.local/lib/python3.12/site-packages (from mashumaro[msgpack]<3.18,>=3.9->dbt-core>=1.7.0->-r /requirements.txt (line 16)) (1.1.1)
#7 32.37 Requirement already satisfied: importlib-metadata>=4.0 in /home/airflow/.local/lib/python3.12/site-packages (from metricflow<1.0,>=0.211.0->dbt-core>=1.7.0->-r /requirements.txt (line 16)) (8.4.0)
#7 32.38 Requirement already satisfied: more-itertools<11.0,>=10.0.0 in /home/airflow/.local/lib/python3.12/site-packages (from metricflow<1.0,>=0.211.0->dbt-core>=1.7.0->-r /requirements.txt (line 16)) (10.7.0)
#7 34.06 Collecting rapidfuzz<4.0,>=3.0 (from metricflow<1.0,>=0.211.0->dbt-core>=1.7.0->-r /requirements.txt (line 16))
#7 34.13   Downloading rapidfuzz-3.14.5-cp312-cp312-manylinux_2_27_x86_64.manylinux_2_28_x86_64.whl.metadata (12 kB)
#7 34.58 Collecting sqlglot>=20.0.0 (from metricflow<1.0,>=0.211.0->dbt-core>=1.7.0->-r /requirements.txt (line 16))
#7 34.65   Downloading sqlglot-30.17.0-py3-none-any.whl.metadata (25 kB)
#7 34.67 Requirement already satisfied: tabulate>=0.8.9 in /home/airflow/.local/lib/python3.12/site-packages (from metricflow<1.0,>=0.211.0->dbt-core>=1.7.0->-r /requirements.txt (line 16)) (0.9.0)
#7 34.69 Requirement already satisfied: deprecated>=1.2.6 in /home/airflow/.local/lib/python3.12/site-packages (from opentelemetry-api<2.0,>=1.26->dbt-core>=1.7.0->-r /requirements.txt (line 16)) (1.2.18)
#7 34.70 Requirement already satisfied: zipp>=0.5 in /home/airflow/.local/lib/python3.12/site-packages (from importlib-metadata>=4.0->metricflow<1.0,>=0.211.0->dbt-core>=1.7.0->-r /requirements.txt (line 16)) (3.23.0)
#7 34.74 Requirement already satisfied: annotated-types>=0.6.0 in /home/airflow/.local/lib/python3.12/site-packages (from pydantic<3->dbt-core>=1.7.0->-r /requirements.txt (line 16)) (0.7.0)
#7 34.74 Requirement already satisfied: pydantic-core==2.33.2 in /home/airflow/.local/lib/python3.12/site-packages (from pydantic<3->dbt-core>=1.7.0->-r /requirements.txt (line 16)) (2.33.2)
#7 34.74 Requirement already satisfied: typing-inspection>=0.4.0 in /home/airflow/.local/lib/python3.12/site-packages (from pydantic<3->dbt-core>=1.7.0->-r /requirements.txt (line 16)) (0.4.1)
#7 34.76 Requirement already satisfied: six>=1.5 in /home/airflow/.local/lib/python3.12/site-packages (from python-dateutil>=2.8.2->pandas>=2.1.0->-r /requirements.txt (line 8)) (1.17.0)
#7 35.02 Requirement already satisfied: apache-airflow-core==3.0.6 in /home/airflow/.local/lib/python3.12/site-packages (from apache-airflow>=2.10.0->apache-airflow-providers-postgres>=5.10.0->-r /requirements.txt (line 5)) (3.0.6)
#7 35.02 Requirement already satisfied: apache-airflow-task-sdk<1.1.0,>=1.0.6 in /home/airflow/.local/lib/python3.12/site-packages (from apache-airflow>=2.10.0->apache-airflow-providers-postgres>=5.10.0->-r /requirements.txt (line 5)) (1.0.6)
#7 35.10 Requirement already satisfied: a2wsgi>=1.10.8 in /home/airflow/.local/lib/python3.12/site-packages (from apache-airflow-core==3.0.6->apache-airflow>=2.10.0->apache-airflow-providers-postgres>=5.10.0->-r /requirements.txt (line 5)) (1.10.10)
#7 35.11 Requirement already satisfied: aiosqlite>=0.20.0 in /home/airflow/.local/lib/python3.12/site-packages (from apache-airflow-core==3.0.6->apache-airflow>=2.10.0->apache-airflow-providers-postgres>=5.10.0->-r /requirements.txt (line 5)) (0.21.0)
#7 35.11 Requirement already satisfied: alembic<2.0,>=1.13.1 in /home/airflow/.local/lib/python3.12/site-packages (from apache-airflow-core==3.0.6->apache-airflow>=2.10.0->apache-airflow-providers-postgres>=5.10.0->-r /requirements.txt (line 5)) (1.16.4)
#7 35.11 Requirement already satisfied: apache-airflow-providers-common-compat>=1.6.0 in /home/airflow/.local/lib/python3.12/site-packages (from apache-airflow-core==3.0.6->apache-airflow>=2.10.0->apache-airflow-providers-postgres>=5.10.0->-r /requirements.txt (line 5)) (1.7.3)
#7 35.11 Requirement already satisfied: apache-airflow-providers-common-io>=1.5.3 in /home/airflow/.local/lib/python3.12/site-packages (from apache-airflow-core==3.0.6->apache-airflow>=2.10.0->apache-airflow-providers-postgres>=5.10.0->-r /requirements.txt (line 5)) (1.6.2)
#7 35.12 Requirement already satisfied: apache-airflow-providers-smtp>=2.0.2 in /home/airflow/.local/lib/python3.12/site-packages (from apache-airflow-core==3.0.6->apache-airflow>=2.10.0->apache-airflow-providers-postgres>=5.10.0->-r /requirements.txt (line 5)) (2.2.0)
#7 35.12 Requirement already satisfied: apache-airflow-providers-standard>=0.4.0 in /home/airflow/.local/lib/python3.12/site-packages (from apache-airflow-core==3.0.6->apache-airflow>=2.10.0->apache-airflow-providers-postgres>=5.10.0->-r /requirements.txt (line 5)) (1.6.0)
#7 35.12 Requirement already satisfied: argcomplete>=1.10 in /home/airflow/.local/lib/python3.12/site-packages (from apache-airflow-core==3.0.6->apache-airflow>=2.10.0->apache-airflow-providers-postgres>=5.10.0->-r /requirements.txt (line 5)) (3.6.2)
#7 35.12 Requirement already satisfied: asgiref>=2.3.0 in /home/airflow/.local/lib/python3.12/site-packages (from apache-airflow-core==3.0.6->apache-airflow>=2.10.0->apache-airflow-providers-postgres>=5.10.0->-r /requirements.txt (line 5)) (3.9.1)
#7 35.13 Requirement already satisfied: cadwyn>=5.2.1 in /home/airflow/.local/lib/python3.12/site-packages (from apache-airflow-core==3.0.6->apache-airflow>=2.10.0->apache-airflow-providers-postgres>=5.10.0->-r /requirements.txt (line 5)) (5.4.4)
#7 35.13 Requirement already satisfied: colorlog>=6.8.2 in /home/airflow/.local/lib/python3.12/site-packages (from apache-airflow-core==3.0.6->apache-airflow>=2.10.0->apache-airflow-providers-postgres>=5.10.0->-r /requirements.txt (line 5)) (6.9.0)
#7 35.13 Requirement already satisfied: cron-descriptor>=1.2.24 in /home/airflow/.local/lib/python3.12/site-packages (from apache-airflow-core==3.0.6->apache-airflow>=2.10.0->apache-airflow-providers-postgres>=5.10.0->-r /requirements.txt (line 5)) (1.4.5)
#7 35.13 Requirement already satisfied: croniter>=2.0.2 in /home/airflow/.local/lib/python3.12/site-packages (from apache-airflow-core==3.0.6->apache-airflow>=2.10.0->apache-airflow-providers-postgres>=5.10.0->-r /requirements.txt (line 5)) (6.0.0)
#7 35.14 Requirement already satisfied: cryptography>=41.0.0 in /home/airflow/.local/lib/python3.12/site-packages (from apache-airflow-core==3.0.6->apache-airflow>=2.10.0->apache-airflow-providers-postgres>=5.10.0->-r /requirements.txt (line 5)) (42.0.8)
#7 35.14 Requirement already satisfied: dill>=0.2.2 in /home/airflow/.local/lib/python3.12/site-packages (from apache-airflow-core==3.0.6->apache-airflow>=2.10.0->apache-airflow-providers-postgres>=5.10.0->-r /requirements.txt (line 5)) (0.3.1.1)
#7 35.15 Requirement already satisfied: fastapi!=0.115.10,>=0.115.0 in /home/airflow/.local/lib/python3.12/site-packages (from fastapi[standard]!=0.115.10,>=0.115.0->apache-airflow-core==3.0.6->apache-airflow>=2.10.0->apache-airflow-providers-postgres>=5.10.0->-r /requirements.txt (line 5)) (0.116.1)
#7 35.15 Requirement already satisfied: flask>=2.1.1 in /home/airflow/.local/lib/python3.12/site-packages (from apache-airflow-core==3.0.6->apache-airflow>=2.10.0->apache-airflow-providers-postgres>=5.10.0->-r /requirements.txt (line 5)) (2.2.5)
#7 35.15 Requirement already satisfied: gunicorn>=20.1.0 in /home/airflow/.local/lib/python3.12/site-packages (from apache-airflow-core==3.0.6->apache-airflow>=2.10.0->apache-airflow-providers-postgres>=5.10.0->-r /requirements.txt (line 5)) (23.0.0)
#7 35.15 Requirement already satisfied: httpx>=0.25.0 in /home/airflow/.local/lib/python3.12/site-packages (from apache-airflow-core==3.0.6->apache-airflow>=2.10.0->apache-airflow-providers-postgres>=5.10.0->-r /requirements.txt (line 5)) (0.28.1)
#7 35.17 Requirement already satisfied: itsdangerous>=2.0 in /home/airflow/.local/lib/python3.12/site-packages (from apache-airflow-core==3.0.6->apache-airflow>=2.10.0->apache-airflow-providers-postgres>=5.10.0->-r /requirements.txt (line 5)) (2.2.0)
#7 35.17 Requirement already satisfied: lazy-object-proxy>=1.2.0 in /home/airflow/.local/lib/python3.12/site-packages (from apache-airflow-core==3.0.6->apache-airflow>=2.10.0->apache-airflow-providers-postgres>=5.10.0->-r /requirements.txt (line 5)) (1.12.0)
#7 35.18 Requirement already satisfied: libcst>=1.1.0 in /home/airflow/.local/lib/python3.12/site-packages (from apache-airflow-core==3.0.6->apache-airflow>=2.10.0->apache-airflow-providers-postgres>=5.10.0->-r /requirements.txt (line 5)) (1.8.2)
#7 35.18 Requirement already satisfied: linkify-it-py>=2.0.0 in /home/airflow/.local/lib/python3.12/site-packages (from apache-airflow-core==3.0.6->apache-airflow>=2.10.0->apache-airflow-providers-postgres>=5.10.0->-r /requirements.txt (line 5)) (2.0.3)
#7 35.18 Requirement already satisfied: lockfile>=0.12.2 in /home/airflow/.local/lib/python3.12/site-packages (from apache-airflow-core==3.0.6->apache-airflow>=2.10.0->apache-airflow-providers-postgres>=5.10.0->-r /requirements.txt (line 5)) (0.12.2)
#7 35.18 Requirement already satisfied: methodtools>=0.4.7 in /home/airflow/.local/lib/python3.12/site-packages (from apache-airflow-core==3.0.6->apache-airflow>=2.10.0->apache-airflow-providers-postgres>=5.10.0->-r /requirements.txt (line 5)) (0.4.7)
#7 35.19 Requirement already satisfied: opentelemetry-exporter-otlp>=1.26.0 in /home/airflow/.local/lib/python3.12/site-packages (from apache-airflow-core==3.0.6->apache-airflow>=2.10.0->apache-airflow-providers-postgres>=5.10.0->-r /requirements.txt (line 5)) (1.27.0)
#7 35.19 Requirement already satisfied: pendulum<4.0,>=3.0.0 in /home/airflow/.local/lib/python3.12/site-packages (from apache-airflow-core==3.0.6->apache-airflow>=2.10.0->apache-airflow-providers-postgres>=5.10.0->-r /requirements.txt (line 5)) (3.1.0)
#7 35.19 Requirement already satisfied: pluggy>=1.5.0 in /home/airflow/.local/lib/python3.12/site-packages (from apache-airflow-core==3.0.6->apache-airflow>=2.10.0->apache-airflow-providers-postgres>=5.10.0->-r /requirements.txt (line 5)) (1.6.0)
#7 35.20 Requirement already satisfied: psutil>=5.8.0 in /home/airflow/.local/lib/python3.12/site-packages (from apache-airflow-core==3.0.6->apache-airflow>=2.10.0->apache-airflow-providers-postgres>=5.10.0->-r /requirements.txt (line 5)) (7.0.0)
#7 35.20 Requirement already satisfied: pygments!=2.19.0,>=2.0.1 in /home/airflow/.local/lib/python3.12/site-packages (from apache-airflow-core==3.0.6->apache-airflow>=2.10.0->apache-airflow-providers-postgres>=5.10.0->-r /requirements.txt (line 5)) (2.19.2)
#7 35.21 Requirement already satisfied: pyjwt>=2.10.0 in /home/airflow/.local/lib/python3.12/site-packages (from apache-airflow-core==3.0.6->apache-airflow>=2.10.0->apache-airflow-providers-postgres>=5.10.0->-r /requirements.txt (line 5)) (2.10.1)
#7 35.21 Requirement already satisfied: python-daemon>=3.0.0 in /home/airflow/.local/lib/python3.12/site-packages (from apache-airflow-core==3.0.6->apache-airflow>=2.10.0->apache-airflow-providers-postgres>=5.10.0->-r /requirements.txt (line 5)) (3.1.2)
#7 35.22 Requirement already satisfied: rich-argparse>=1.0.0 in /home/airflow/.local/lib/python3.12/site-packages (from apache-airflow-core==3.0.6->apache-airflow>=2.10.0->apache-airflow-providers-postgres>=5.10.0->-r /requirements.txt (line 5)) (1.7.1)
#7 35.22 Requirement already satisfied: rich>=13.6.0 in /home/airflow/.local/lib/python3.12/site-packages (from apache-airflow-core==3.0.6->apache-airflow>=2.10.0->apache-airflow-providers-postgres>=5.10.0->-r /requirements.txt (line 5)) (13.9.4)
#7 35.22 Requirement already satisfied: setproctitle>=1.3.3 in /home/airflow/.local/lib/python3.12/site-packages (from apache-airflow-core==3.0.6->apache-airflow>=2.10.0->apache-airflow-providers-postgres>=5.10.0->-r /requirements.txt (line 5)) (1.3.6)
#7 35.22 Requirement already satisfied: sqlalchemy-jsonfield>=1.0 in /home/airflow/.local/lib/python3.12/site-packages (from apache-airflow-core==3.0.6->apache-airflow>=2.10.0->apache-airflow-providers-postgres>=5.10.0->-r /requirements.txt (line 5)) (1.0.2)
#7 35.23 Requirement already satisfied: sqlalchemy-utils>=0.41.2 in /home/airflow/.local/lib/python3.12/site-packages (from apache-airflow-core==3.0.6->apache-airflow>=2.10.0->apache-airflow-providers-postgres>=5.10.0->-r /requirements.txt (line 5)) (0.41.2)
#7 35.27 INFO: pip is looking at multiple versions of apache-airflow-core to determine which version is compatible with other requirements. This could take a while.
#7 35.60 Collecting apache-airflow>=2.10.0 (from apache-airflow-providers-postgres>=5.10.0->-r /requirements.txt (line 5))
#7 35.66   Downloading apache_airflow-3.3.1-py3-none-any.whl.metadata (37 kB)
#7 35.92 Collecting apache-airflow-core==3.3.1 (from apache-airflow>=2.10.0->apache-airflow-providers-postgres>=5.10.0->-r /requirements.txt (line 5))
#7 35.99   Downloading apache_airflow_core-3.3.1-py3-none-any.whl.metadata (6.7 kB)
#7 36.11 Collecting apache-airflow-task-sdk==1.3.1 (from apache-airflow>=2.10.0->apache-airflow-providers-postgres>=5.10.0->-r /requirements.txt (line 5))
#7 36.18   Downloading apache_airflow_task_sdk-1.3.1-py3-none-any.whl.metadata (5.1 kB)
#7 36.29 Collecting apache-airflow-providers-common-compat>=1.7.4 (from apache-airflow-core==3.3.1->apache-airflow>=2.10.0->apache-airflow-providers-postgres>=5.10.0->-r /requirements.txt (line 5))
#7 36.36   Downloading apache_airflow_providers_common_compat-1.18.0-py3-none-any.whl.metadata (5.9 kB)
#7 36.45 Collecting apache-airflow-providers-common-io>=1.6.3 (from apache-airflow-core==3.3.1->apache-airflow>=2.10.0->apache-airflow-providers-postgres>=5.10.0->-r /requirements.txt (line 5))
#7 36.51   Downloading apache_airflow_providers_common_io-1.8.0-py3-none-any.whl.metadata (5.6 kB)
#7 36.65 Collecting apache-airflow-providers-common-sql>=1.23.0 (from apache-airflow-providers-postgres>=5.10.0->-r /requirements.txt (line 5))
#7 36.71   Downloading apache_airflow_providers_common_sql-2.1.1-py3-none-any.whl.metadata (8.1 kB)
#7 36.83 Collecting apache-airflow-providers-smtp>=2.3.1 (from apache-airflow-core==3.3.1->apache-airflow>=2.10.0->apache-airflow-providers-postgres>=5.10.0->-r /requirements.txt (line 5))
#7 36.90   Downloading apache_airflow_providers_smtp-3.0.3-py3-none-any.whl.metadata (4.2 kB)
#7 37.01 Collecting apache-airflow-providers-standard>=1.9.0 (from apache-airflow-core==3.3.1->apache-airflow>=2.10.0->apache-airflow-providers-postgres>=5.10.0->-r /requirements.txt (line 5))
#7 37.08   Downloading apache_airflow_providers_standard-1.18.0-py3-none-any.whl.metadata (5.7 kB)
#7 37.19 Collecting apache-airflow>=2.10.0 (from apache-airflow-providers-postgres>=5.10.0->-r /requirements.txt (line 5))
#7 37.26   Downloading apache_airflow-3.3.0-py3-none-any.whl.metadata (37 kB)
#7 37.55 Collecting apache-airflow-core==3.3.0 (from apache-airflow>=2.10.0->apache-airflow-providers-postgres>=5.10.0->-r /requirements.txt (line 5))
#7 37.63   Downloading apache_airflow_core-3.3.0-py3-none-any.whl.metadata (6.7 kB)
#7 37.65 Collecting apache-airflow-task-sdk==1.3.0 (from apache-airflow>=2.10.0->apache-airflow-providers-postgres>=5.10.0->-r /requirements.txt (line 5))
#7 37.71   Downloading apache_airflow_task_sdk-1.3.0-py3-none-any.whl.metadata (5.1 kB)
#7 37.75 Collecting apache-airflow>=2.10.0 (from apache-airflow-providers-postgres>=5.10.0->-r /requirements.txt (line 5))
#7 37.81   Downloading apache_airflow-3.2.2-py3-none-any.whl.metadata (36 kB)
#7 38.02 Collecting apache-airflow-core==3.2.2 (from apache-airflow>=2.10.0->apache-airflow-providers-postgres>=5.10.0->-r /requirements.txt (line 5))
#7 38.09   Downloading apache_airflow_core-3.2.2-py3-none-any.whl.metadata (6.7 kB)
#7 38.12 Collecting apache-airflow-task-sdk==1.2.2 (from apache-airflow>=2.10.0->apache-airflow-providers-postgres>=5.10.0->-r /requirements.txt (line 5))
#7 38.19   Downloading apache_airflow_task_sdk-1.2.2-py3-none-any.whl.metadata (5.0 kB)
#7 38.23 Collecting apache-airflow>=2.10.0 (from apache-airflow-providers-postgres>=5.10.0->-r /requirements.txt (line 5))
#7 38.31   Downloading apache_airflow-3.2.1-py3-none-any.whl.metadata (36 kB)
#7 38.50 Collecting apache-airflow-core==3.2.1 (from apache-airflow>=2.10.0->apache-airflow-providers-postgres>=5.10.0->-r /requirements.txt (line 5))
#7 38.57   Downloading apache_airflow_core-3.2.1-py3-none-any.whl.metadata (6.7 kB)
#7 38.58 Collecting apache-airflow-task-sdk==1.2.1 (from apache-airflow>=2.10.0->apache-airflow-providers-postgres>=5.10.0->-r /requirements.txt (line 5))
#7 38.65   Downloading apache_airflow_task_sdk-1.2.1-py3-none-any.whl.metadata (5.0 kB)
#7 38.81 Collecting cadwyn>=6.0.4 (from apache-airflow-core==3.2.1->apache-airflow>=2.10.0->apache-airflow-providers-postgres>=5.10.0->-r /requirements.txt (line 5))
#7 38.88   Downloading cadwyn-7.2.0-py3-none-any.whl.metadata (4.3 kB)
#7 39.70 Collecting cryptography>=44.0.3 (from apache-airflow-core==3.2.1->apache-airflow>=2.10.0->apache-airflow-providers-postgres>=5.10.0->-r /requirements.txt (line 5))
#7 39.76   Downloading cryptography-50.0.1-cp311-abi3-manylinux_2_34_x86_64.whl.metadata (4.3 kB)
#7 39.98 Collecting fastapi>=0.129.0 (from fastapi[standard-no-fastapi-cloud-cli]>=0.129.0->apache-airflow-core==3.2.1->apache-airflow>=2.10.0->apache-airflow-providers-postgres>=5.10.0->-r /requirements.txt (line 5))
#7 40.04   Downloading fastapi-0.141.1-py3-none-any.whl.metadata (27 kB)
#7 40.07 Requirement already satisfied: msgspec>=0.19.0 in /home/airflow/.local/lib/python3.12/site-packages (from apache-airflow-core==3.2.1->apache-airflow>=2.10.0->apache-airflow-providers-postgres>=5.10.0->-r /requirements.txt (line 5)) (0.19.0)
#7 40.17 Collecting natsort>=8.4.0 (from apache-airflow-core==3.2.1->apache-airflow>=2.10.0->apache-airflow-providers-postgres>=5.10.0->-r /requirements.txt (line 5))
#7 40.27   Downloading natsort-8.4.0-py3-none-any.whl.metadata (21 kB)
#7 40.28 Requirement already satisfied: opentelemetry-proto<9999,>=1.27.0 in /home/airflow/.local/lib/python3.12/site-packages (from apache-airflow-core==3.2.1->apache-airflow>=2.10.0->apache-airflow-providers-postgres>=5.10.0->-r /requirements.txt (line 5)) (1.27.0)
#7 40.36 Collecting pygtrie>=2.5.0 (from apache-airflow-core==3.2.1->apache-airflow>=2.10.0->apache-airflow-providers-postgres>=5.10.0->-r /requirements.txt (line 5))
#7 40.43   Downloading pygtrie-2.5.0-py3-none-any.whl.metadata (7.5 kB)
#7 40.54 Collecting pyjwt>=2.11.0 (from apache-airflow-core==3.2.1->apache-airflow>=2.10.0->apache-airflow-providers-postgres>=5.10.0->-r /requirements.txt (line 5))
#7 40.60   Downloading pyjwt-2.13.0-py3-none-any.whl.metadata (3.4 kB)
#7 40.75 Collecting pyyaml>=6.0 (from dbt-core>=1.7.0->-r /requirements.txt (line 16))
#7 40.82   Downloading pyyaml-6.0.3-cp312-cp312-manylinux2014_x86_64.manylinux_2_17_x86_64.manylinux_2_28_x86_64.whl.metadata (2.4 kB)
#7 40.87 Requirement already satisfied: starlette<1,>=0.45.0 in /home/airflow/.local/lib/python3.12/site-packages (from apache-airflow-core==3.2.1->apache-airflow>=2.10.0->apache-airflow-providers-postgres>=5.10.0->-r /requirements.txt (line 5)) (0.47.2)
#7 40.87 Requirement already satisfied: structlog>=25.4.0 in /home/airflow/.local/lib/python3.12/site-packages (from apache-airflow-core==3.2.1->apache-airflow>=2.10.0->apache-airflow-providers-postgres>=5.10.0->-r /requirements.txt (line 5)) (25.4.0)
#7 40.87 Requirement already satisfied: svcs>=25.1.0 in /home/airflow/.local/lib/python3.12/site-packages (from apache-airflow-core==3.2.1->apache-airflow>=2.10.0->apache-airflow-providers-postgres>=5.10.0->-r /requirements.txt (line 5)) (25.1.0)
#7 40.88 Requirement already satisfied: tenacity>=8.3.0 in /home/airflow/.local/lib/python3.12/site-packages (from apache-airflow-core==3.2.1->apache-airflow>=2.10.0->apache-airflow-providers-postgres>=5.10.0->-r /requirements.txt (line 5)) (9.1.2)
#7 40.88 Requirement already satisfied: termcolor>=3.0.0 in /home/airflow/.local/lib/python3.12/site-packages (from apache-airflow-core==3.2.1->apache-airflow>=2.10.0->apache-airflow-providers-postgres>=5.10.0->-r /requirements.txt (line 5)) (3.1.0)
#7 40.98 Collecting universal-pathlib>=0.3.8 (from apache-airflow-core==3.2.1->apache-airflow>=2.10.0->apache-airflow-providers-postgres>=5.10.0->-r /requirements.txt (line 5))
#7 41.04   Downloading universal_pathlib-0.3.10-py3-none-any.whl.metadata (39 kB)
#7 41.07 Requirement already satisfied: uuid6>=2024.7.10 in /home/airflow/.local/lib/python3.12/site-packages (from apache-airflow-core==3.2.1->apache-airflow>=2.10.0->apache-airflow-providers-postgres>=5.10.0->-r /requirements.txt (line 5)) (2025.0.1)
#7 41.21 Collecting uvicorn>=0.37.0 (from apache-airflow-core==3.2.1->apache-airflow>=2.10.0->apache-airflow-providers-postgres>=5.10.0->-r /requirements.txt (line 5))
#7 41.27   Downloading uvicorn-0.52.4-py3-none-any.whl.metadata (6.6 kB)
#7 41.30 Requirement already satisfied: fsspec>=2023.10.0 in /home/airflow/.local/lib/python3.12/site-packages (from apache-airflow-task-sdk==1.2.1->apache-airflow>=2.10.0->apache-airflow-providers-postgres>=5.10.0->-r /requirements.txt (line 5)) (2025.7.0)
#7 41.37 Collecting greenback>=1.2.1 (from apache-airflow-task-sdk==1.2.1->apache-airflow>=2.10.0->apache-airflow-providers-postgres>=5.10.0->-r /requirements.txt (line 5))
#7 41.43   Downloading greenback-1.3.0-py3-none-any.whl.metadata (9.8 kB)
#7 41.49 Requirement already satisfied: Mako in /home/airflow/.local/lib/python3.12/site-packages (from alembic<2.0,>=1.13.1->apache-airflow-core==3.0.6->apache-airflow>=2.10.0->apache-airflow-providers-postgres>=5.10.0->-r /requirements.txt (line 5)) (1.3.10)
#7 41.59 INFO: pip is looking at multiple versions of opentelemetry-proto to determine which version is compatible with other requirements. This could take a while.
#7 41.71 Collecting opentelemetry-proto<9999,>=1.27.0 (from apache-airflow-core==3.2.1->apache-airflow>=2.10.0->apache-airflow-providers-postgres>=5.10.0->-r /requirements.txt (line 5))
#7 41.78   Downloading opentelemetry_proto-1.44.0-py3-none-any.whl.metadata (2.3 kB)
#7 41.95 Requirement already satisfied: anyio<5,>=3.6.2 in /home/airflow/.local/lib/python3.12/site-packages (from starlette<1,>=0.45.0->apache-airflow-core==3.2.1->apache-airflow>=2.10.0->apache-airflow-providers-postgres>=5.10.0->-r /requirements.txt (line 5)) (4.10.0)
#7 41.97 Requirement already satisfied: sniffio>=1.1 in /home/airflow/.local/lib/python3.12/site-packages (from anyio<5,>=3.6.2->starlette<1,>=0.45.0->apache-airflow-core==3.2.1->apache-airflow>=2.10.0->apache-airflow-providers-postgres>=5.10.0->-r /requirements.txt (line 5)) (1.3.1)
#7 42.16 Collecting aiosmtplib>=0.1.6 (from apache-airflow-providers-smtp>=2.3.1->apache-airflow-core==3.3.1->apache-airflow>=2.10.0->apache-airflow-providers-postgres>=5.10.0->-r /requirements.txt (line 5))
#7 42.23   Downloading aiosmtplib-5.1.2-py3-none-any.whl.metadata (3.6 kB)
#7 42.76 Collecting cffi>=2.0.0 (from cryptography>=44.0.3->apache-airflow-core==3.2.1->apache-airflow>=2.10.0->apache-airflow-providers-postgres>=5.10.0->-r /requirements.txt (line 5))
#7 42.82   Downloading cffi-2.1.1-cp312-cp312-manylinux2014_x86_64.manylinux_2_17_x86_64.whl.metadata (2.5 kB)
#7 42.84 Requirement already satisfied: pycparser in /home/airflow/.local/lib/python3.12/site-packages (from cffi>=2.0.0->cryptography>=44.0.3->apache-airflow-core==3.2.1->apache-airflow>=2.10.0->apache-airflow-providers-postgres>=5.10.0->-r /requirements.txt (line 5)) (2.22)
#7 42.85 Requirement already satisfied: wrapt<2,>=1.10 in /home/airflow/.local/lib/python3.12/site-packages (from deprecated>=1.2.6->opentelemetry-api<2.0,>=1.26->dbt-core>=1.7.0->-r /requirements.txt (line 16)) (1.17.3)
#7 42.95 Collecting typing-inspection>=0.4.0 (from pydantic<3->dbt-core>=1.7.0->-r /requirements.txt (line 16))
#7 43.01   Downloading typing_inspection-0.4.4-py3-none-any.whl.metadata (2.6 kB)
#7 43.09 Collecting annotated-doc>=0.0.2 (from fastapi>=0.129.0->fastapi[standard-no-fastapi-cloud-cli]>=0.129.0->apache-airflow-core==3.2.1->apache-airflow>=2.10.0->apache-airflow-providers-postgres>=5.10.0->-r /requirements.txt (line 5))
#7 43.16   Downloading annotated_doc-0.0.5-py3-none-any.whl.metadata (6.5 kB)
#7 43.38 Collecting fastapi-cli>=0.0.32 (from fastapi-cli[standard-no-fastapi-cloud-cli]>=0.0.32; extra == "standard-no-fastapi-cloud-cli"->fastapi[standard-no-fastapi-cloud-cli]>=0.129.0->apache-airflow-core==3.2.1->apache-airflow>=2.10.0->apache-airflow-providers-postgres>=5.10.0->-r /requirements.txt (line 5))
#7 43.44   Downloading fastapi_cli-0.0.32-py3-none-any.whl.metadata (6.7 kB)
#7 43.46 Requirement already satisfied: python-multipart>=0.0.18 in /home/airflow/.local/lib/python3.12/site-packages (from fastapi[standard-no-fastapi-cloud-cli]>=0.129.0->apache-airflow-core==3.2.1->apache-airflow>=2.10.0->apache-airflow-providers-postgres>=5.10.0->-r /requirements.txt (line 5)) (0.0.20)
#7 43.46 Requirement already satisfied: email-validator>=2.0.0 in /home/airflow/.local/lib/python3.12/site-packages (from fastapi[standard-no-fastapi-cloud-cli]>=0.129.0->apache-airflow-core==3.2.1->apache-airflow>=2.10.0->apache-airflow-providers-postgres>=5.10.0->-r /requirements.txt (line 5)) (2.2.0)
#7 43.58 Collecting pydantic-settings>=2.0.0 (from fastapi[standard-no-fastapi-cloud-cli]>=0.129.0->apache-airflow-core==3.2.1->apache-airflow>=2.10.0->apache-airflow-providers-postgres>=5.10.0->-r /requirements.txt (line 5))
#7 43.64   Downloading pydantic_settings-2.15.0-py3-none-any.whl.metadata (3.9 kB)
#7 43.72 Collecting pydantic-extra-types>=2.0.0 (from fastapi[standard-no-fastapi-cloud-cli]>=0.129.0->apache-airflow-core==3.2.1->apache-airflow>=2.10.0->apache-airflow-providers-postgres>=5.10.0->-r /requirements.txt (line 5))
#7 43.79   Downloading pydantic_extra_types-2.11.1-py3-none-any.whl.metadata (4.2 kB)
#7 43.82 Requirement already satisfied: httpcore==1.* in /home/airflow/.local/lib/python3.12/site-packages (from httpx>=0.25.0->apache-airflow-core==3.0.6->apache-airflow>=2.10.0->apache-airflow-providers-postgres>=5.10.0->-r /requirements.txt (line 5)) (1.0.9)
#7 43.83 Requirement already satisfied: h11>=0.16 in /home/airflow/.local/lib/python3.12/site-packages (from httpcore==1.*->httpx>=0.25.0->apache-airflow-core==3.0.6->apache-airflow>=2.10.0->apache-airflow-providers-postgres>=5.10.0->-r /requirements.txt (line 5)) (0.16.0)
#7 43.85 Requirement already satisfied: dnspython>=2.0.0 in /home/airflow/.local/lib/python3.12/site-packages (from email-validator>=2.0.0->fastapi[standard-no-fastapi-cloud-cli]>=0.129.0->apache-airflow-core==3.2.1->apache-airflow>=2.10.0->apache-airflow-providers-postgres>=5.10.0->-r /requirements.txt (line 5)) (2.7.0)
#7 43.88 Requirement already satisfied: typer>=0.16.0 in /home/airflow/.local/lib/python3.12/site-packages (from fastapi-cli>=0.0.32->fastapi-cli[standard-no-fastapi-cloud-cli]>=0.0.32; extra == "standard-no-fastapi-cloud-cli"->fastapi[standard-no-fastapi-cloud-cli]>=0.129.0->apache-airflow-core==3.2.1->apache-airflow>=2.10.0->apache-airflow-providers-postgres>=5.10.0->-r /requirements.txt (line 5)) (0.16.1)
#7 43.93 Requirement already satisfied: rich-toolkit>=0.14.8 in /home/airflow/.local/lib/python3.12/site-packages (from fastapi-cli>=0.0.32->fastapi-cli[standard-no-fastapi-cloud-cli]>=0.0.32; extra == "standard-no-fastapi-cloud-cli"->fastapi[standard-no-fastapi-cloud-cli]>=0.129.0->apache-airflow-core==3.2.1->apache-airflow>=2.10.0->apache-airflow-providers-postgres>=5.10.0->-r /requirements.txt (line 5)) (0.15.0)
#7 44.05 Collecting outcome (from greenback>=1.2.1->apache-airflow-task-sdk==1.2.1->apache-airflow>=2.10.0->apache-airflow-providers-postgres>=5.10.0->-r /requirements.txt (line 5))
#7 44.12   Downloading outcome-1.3.0.post0-py2.py3-none-any.whl.metadata (2.6 kB)
#7 44.20 Requirement already satisfied: uc-micro-py in /home/airflow/.local/lib/python3.12/site-packages (from linkify-it-py>=2.0.0->apache-airflow-core==3.0.6->apache-airflow>=2.10.0->apache-airflow-providers-postgres>=5.10.0->-r /requirements.txt (line 5)) (1.0.3)
#7 44.23 Requirement already satisfied: wirerope>=0.4.7 in /home/airflow/.local/lib/python3.12/site-packages (from methodtools>=0.4.7->apache-airflow-core==3.0.6->apache-airflow>=2.10.0->apache-airflow-providers-postgres>=5.10.0->-r /requirements.txt (line 5)) (1.0.0)
#7 44.27 Requirement already satisfied: opentelemetry-exporter-otlp-proto-grpc==1.27.0 in /home/airflow/.local/lib/python3.12/site-packages (from opentelemetry-exporter-otlp>=1.26.0->apache-airflow-core==3.0.6->apache-airflow>=2.10.0->apache-airflow-providers-postgres>=5.10.0->-r /requirements.txt (line 5)) (1.27.0)
#7 44.27 Requirement already satisfied: opentelemetry-exporter-otlp-proto-http==1.27.0 in /home/airflow/.local/lib/python3.12/site-packages (from opentelemetry-exporter-otlp>=1.26.0->apache-airflow-core==3.0.6->apache-airflow>=2.10.0->apache-airflow-providers-postgres>=5.10.0->-r /requirements.txt (line 5)) (1.27.0)
#7 44.29 Requirement already satisfied: opentelemetry-exporter-otlp-proto-common==1.27.0 in /home/airflow/.local/lib/python3.12/site-packages (from opentelemetry-exporter-otlp-proto-grpc==1.27.0->opentelemetry-exporter-otlp>=1.26.0->apache-airflow-core==3.0.6->apache-airflow>=2.10.0->apache-airflow-providers-postgres>=5.10.0->-r /requirements.txt (line 5)) (1.27.0)
#7 44.29 Requirement already satisfied: opentelemetry-sdk~=1.27.0 in /home/airflow/.local/lib/python3.12/site-packages (from opentelemetry-exporter-otlp-proto-grpc==1.27.0->opentelemetry-exporter-otlp>=1.26.0->apache-airflow-core==3.0.6->apache-airflow>=2.10.0->apache-airflow-providers-postgres>=5.10.0->-r /requirements.txt (line 5)) (1.27.0)
#7 44.44 Collecting opentelemetry-exporter-otlp-proto-grpc==1.27.0 (from opentelemetry-exporter-otlp>=1.26.0->apache-airflow-core==3.0.6->apache-airflow>=2.10.0->apache-airflow-providers-postgres>=5.10.0->-r /requirements.txt (line 5))
#7 44.52   Downloading opentelemetry_exporter_otlp_proto_grpc-1.27.0-py3-none-any.whl.metadata (2.3 kB)
#7 44.60 Collecting opentelemetry-proto<9999,>=1.27.0 (from apache-airflow-core==3.2.1->apache-airflow>=2.10.0->apache-airflow-providers-postgres>=5.10.0->-r /requirements.txt (line 5))
#7 44.67   Downloading opentelemetry_proto-1.43.0-py3-none-any.whl.metadata (2.3 kB)
#7 45.17   Downloading opentelemetry_proto-1.42.1-py3-none-any.whl.metadata (2.3 kB)
#7 45.54 INFO: pip is still looking at multiple versions of opentelemetry-proto to determine which version is compatible with other requirements. This could take a while.
#7 45.66   Downloading opentelemetry_proto-1.42.0-py3-none-any.whl.metadata (2.3 kB)
#7 46.08 INFO: This is taking longer than usual. You might need to provide the dependency resolver with stricter constraints to reduce runtime. See https://pip.pypa.io/warnings/backtracking for guidance. If you want to abort this run, press Ctrl + C.
#7 46.15   Downloading opentelemetry_proto-1.41.1-py3-none-any.whl.metadata (2.4 kB)
#7 46.65   Downloading opentelemetry_proto-1.41.0-py3-none-any.whl.metadata (2.4 kB)
#7 47.18   Downloading opentelemetry_proto-1.40.0-py3-none-any.whl.metadata (2.4 kB)
#7 47.64   Downloading opentelemetry_proto-1.39.1-py3-none-any.whl.metadata (2.3 kB)
#7 48.16   Downloading opentelemetry_proto-1.39.0-py3-none-any.whl.metadata (2.3 kB)
#7 48.65   Downloading opentelemetry_proto-1.38.0-py3-none-any.whl.metadata (2.3 kB)
#7 49.12   Downloading opentelemetry_proto-1.37.0-py3-none-any.whl.metadata (2.3 kB)
#7 49.62   Downloading opentelemetry_proto-1.36.0-py3-none-any.whl.metadata (2.3 kB)
#7 50.09   Downloading opentelemetry_proto-1.35.0-py3-none-any.whl.metadata (2.3 kB)
#7 50.53   Downloading opentelemetry_proto-1.34.1-py3-none-any.whl.metadata (2.4 kB)
#7 50.77   Downloading opentelemetry_proto-1.34.0-py3-none-any.whl.metadata (2.4 kB)
#7 50.85   Downloading opentelemetry_proto-1.33.1-py3-none-any.whl.metadata (2.4 kB)
#7 50.93   Downloading opentelemetry_proto-1.33.0-py3-none-any.whl.metadata (2.4 kB)
#7 51.00   Downloading opentelemetry_proto-1.32.1-py3-none-any.whl.metadata (2.4 kB)
#7 51.08   Downloading opentelemetry_proto-1.32.0-py3-none-any.whl.metadata (2.4 kB)
#7 51.17   Downloading opentelemetry_proto-1.31.1-py3-none-any.whl.metadata (2.4 kB)
#7 51.24   Downloading opentelemetry_proto-1.31.0-py3-none-any.whl.metadata (2.4 kB)
#7 51.32   Downloading opentelemetry_proto-1.30.0-py3-none-any.whl.metadata (2.4 kB)
#7 51.40   Downloading opentelemetry_proto-1.29.0-py3-none-any.whl.metadata (2.3 kB)
#7 51.49   Downloading opentelemetry_proto-1.28.2-py3-none-any.whl.metadata (2.3 kB)
#7 51.56   Downloading opentelemetry_proto-1.28.1-py3-none-any.whl.metadata (2.3 kB)
#7 51.64   Downloading opentelemetry_proto-1.28.0-py3-none-any.whl.metadata (2.3 kB)
#7 51.67 Collecting dbt-postgres>=1.7.0 (from -r /requirements.txt (line 17))
#7 51.74   Downloading dbt_postgres-1.10.2-py3-none-any.whl.metadata (3.9 kB)
#7 51.94 INFO: pip is still looking at multiple versions of apache-airflow-core to determine which version is compatible with other requirements. This could take a while.
#7 57.37   Downloading dbt_postgres-1.10.1-py3-none-any.whl.metadata (3.9 kB)
#7 61.01   Downloading dbt_postgres-1.10.0-py3-none-any.whl.metadata (3.9 kB)
#7 61.10 Collecting dbt-core>=1.7.0 (from -r /requirements.txt (line 16))
#7 61.16   Downloading dbt_core-2.0.0b2.tar.gz (4.5 kB)
#7 61.18   Installing build dependencies: started
#7 65.04   Installing build dependencies: finished with status 'done'
#7 65.05   Getting requirements to build wheel: started
#7 66.07   Getting requirements to build wheel: finished with status 'done'
#7 66.08   Preparing metadata (pyproject.toml): started
#7 100.6   Preparing metadata (pyproject.toml): finished with status 'done'
#7 100.6   WARNING: Requested dbt-core>=1.7.0 from https://files.pythonhosted.org/packages/9f/ff/5a1ae2579969d3a9a69bb0df4b6525008ce14b97b1fc75c0bf73b5535e81/dbt_core-2.0.0b2.tar.gz (from -r /requirements.txt (line 16)), but installing version 2.0.0b2
#7 100.6 INFO: This is taking longer than usual. You might need to provide the dependency resolver with stricter constraints to reduce runtime. See https://pip.pypa.io/warnings/backtracking for guidance. If you want to abort this run, press Ctrl + C.
#7 106.1 Collecting dbt-postgres>=1.7.0 (from -r /requirements.txt (line 17))
#7 106.2   Downloading dbt_postgres-1.9.1-py3-none-any.whl.metadata (3.8 kB)
#7 111.7   Downloading dbt_postgres-1.9.0-py3-none-any.whl.metadata (4.1 kB)
#7 117.2   Downloading dbt_postgres-1.8.2-py3-none-any.whl.metadata (4.0 kB)
#7 120.4   Downloading dbt_postgres-1.8.1-py3-none-any.whl.metadata (3.4 kB)
#7 120.6 Collecting psycopg2<3.0,>=2.9 (from dbt-postgres>=1.7.0->-r /requirements.txt (line 17))
#7 120.6   Downloading psycopg2-2.9.12.tar.gz (379 kB)
#7 120.9   Installing build dependencies: started
#7 125.8   Installing build dependencies: finished with status 'done'
#7 125.8   Getting requirements to build wheel: started
#7 127.6   Getting requirements to build wheel: finished with status 'error'
#7 127.6   error: subprocess-exited-with-error
#7 127.6   
#7 127.6   × Getting requirements to build wheel did not run successfully.
#7 127.6   │ exit code: 1
#7 127.6   ╰─> [34 lines of output]
#7 127.6       /tmp/pip-build-env-1031eafj/overlay/lib/python3.12/site-packages/setuptools/dist.py:765: SetuptoolsDeprecationWarning: License classifiers are deprecated.
#7 127.6       !!
#7 127.6       
#7 127.6               ********************************************************************************
#7 127.6               Please consider removing the following classifiers in favor of a SPDX license expression:
#7 127.6       
#7 127.6               License :: OSI Approved :: GNU Library or Lesser General Public License (LGPL)
#7 127.6       
#7 127.6               See https://packaging.python.org/en/latest/guides/writing-pyproject-toml/#license for details.
#7 127.6               ********************************************************************************
#7 127.6       
#7 127.6       !!
#7 127.6         self._finalize_license_expression()
#7 127.6       running egg_info
#7 127.6       writing psycopg2.egg-info/PKG-INFO
#7 127.6       writing dependency_links to psycopg2.egg-info/dependency_links.txt
#7 127.6       writing top-level names to psycopg2.egg-info/top_level.txt
#7 127.6       
#7 127.6       Error: pg_config executable not found.
#7 127.6       
#7 127.6       pg_config is required to build psycopg2 from source.  Please add the directory
#7 127.6       containing pg_config to the $PATH or specify the full executable path with the
#7 127.6       option:
#7 127.6       
#7 127.6           python setup.py build_ext --pg-config /path/to/pg_config build ...
#7 127.6       
#7 127.6       or with the pg_config option in 'setup.cfg'.
#7 127.6       
#7 127.6       If you prefer to avoid building psycopg2 from source, please install the PyPI
#7 127.6       'psycopg2-binary' package instead.
#7 127.6       
#7 127.6       For further information please check the 'doc/src/install.rst' file (also at
#7 127.6       <https://www.psycopg.org/docs/install.html>).
#7 127.6       
#7 127.6       [end of output]
#7 127.6   
#7 127.6   note: This error originates from a subprocess, and is likely not a problem with pip.
#7 128.0 
#7 128.0 [notice] A new release of pip is available: 25.2 -> 26.2.1
#7 128.0 [notice] To update, run: pip install --upgrade pip
#7 128.0 error: subprocess-exited-with-error
#7 128.0 
#7 128.0 × Getting requirements to build wheel did not run successfully.
#7 128.0 │ exit code: 1
#7 128.0 ╰─> See above for output.
#7 128.0 
#7 128.0 note: This error originates from a subprocess, and is likely not a problem with pip.
#7 ERROR: process "/bin/bash -o pipefail -o errexit -o nounset -o nolog -c pip install --no-cache-dir -r /requirements.txt" did not complete successfully: exit code: 1
------
 > [airflow 3/3] RUN pip install --no-cache-dir -r /requirements.txt:
128.0 
128.0 [notice] A new release of pip is available: 25.2 -> 26.2.1
128.0 [notice] To update, run: pip install --upgrade pip
128.0 error: subprocess-exited-with-error
128.0 
128.0 × Getting requirements to build wheel did not run successfully.
128.0 │ exit code: 1
128.0 ╰─> See above for output.
128.0 
128.0 note: This error originates from a subprocess, and is likely not a problem with pip.
------
failed to solve: process "/bin/bash -o pipefail -o errexit -o nounset -o nolog -c pip install --no-cache-dir -r /requirements.txt" did not complete successfully: exit code: 1
